八月 30, 2022 12:00:09 上午 com.zhaomeng.JulStudy04 main
信息: info信息
八月 30, 2022 12:00:09 上午 com.zhaomeng.JulStudy04 main
严重: severe信息
八月 30, 2022 12:00:09 上午 com.zhaomeng.JulStudy04 main
警告: warning信息
八月 30, 2022 12:00:09 上午 com.zhaomeng.JulStudy04 main
配置: config信息
八月 30, 2022 12:00:09 上午 com.zhaomeng.JulStudy04 main
详细: fine信息
八月 30, 2022 12:00:09 上午 com.zhaomeng.JulStudy04 main
较详细: finer信息
八月 30, 2022 12:00:09 上午 com.zhaomeng.JulStudy04 main
非常详细: finest信息
